// Jest Snapshot v1, https://goo.gl/fbAQLP

exports[`test Divider component should render  1`] = `
<View
  style={
    Array [
      Object {},
      Object {},
      Object {
        "backgroundColor": "#C5C5C5",
        "height": 1.5,
        "marginHorizontal": 8,
        "marginVertical": 16,
      },
    ]
  }
/>
`;
